

================================================================
== Vitis HLS Report for 'Filter2D_Pipeline_1'
================================================================
* Date:           Mon Nov  4 21:37:33 2024

* Version:        2022.2 (Build 3670227 on Oct 13 2022)
* Project:        Filter2DKernel
* Solution:       solution (Vitis Kernel Flow Target)
* Product family: virtexuplus
* Target device:  xcu55c-fsvh2892-2L-e


================================================================
== Performance Estimates
================================================================
+ Timing: 
    * Summary: 
    +--------+---------+----------+------------+
    |  Clock |  Target | Estimated| Uncertainty|
    +--------+---------+----------+------------+
    |ap_clk  |  3.33 ns|  2.433 ns|     0.90 ns|
    +--------+---------+----------+------------+

+ Latency: 
    * Summary: 
    +---------+---------+----------+----------+-----+-----+---------+
    |  Latency (cycles) |  Latency (absolute) |  Interval | Pipeline|
    |   min   |   max   |    min   |    max   | min | max |   Type  |
    +---------+---------+----------+----------+-----+-----+---------+
    |      298|      298|  0.993 us|  0.993 us|  298|  298|       no|
    +---------+---------+----------+----------+-----+-----+---------+

    + Detail: 
        * Instance: 
        N/A

        * Loop: 
        +----------+---------+---------+----------+-----------+-----------+------+----------+
        |          |  Latency (cycles) | Iteration|  Initiation Interval  | Trip |          |
        | Loop Name|   min   |   max   |  Latency |  achieved |   target  | Count| Pipelined|
        +----------+---------+---------+----------+-----------+-----------+------+----------+
        |- Loop 1  |      296|      296|        73|          1|          1|   225|       yes|
        +----------+---------+---------+----------+-----------+-----------+------+----------+



================================================================
== Utilization Estimates
================================================================
* Summary: 
+---------------------+---------+------+---------+---------+-----+
|         Name        | BRAM_18K|  DSP |    FF   |   LUT   | URAM|
+---------------------+---------+------+---------+---------+-----+
|DSP                  |        -|     -|        -|        -|    -|
|Expression           |        -|     -|        0|     1130|    -|
|FIFO                 |        -|     -|        -|        -|    -|
|Instance             |        -|     -|        -|        -|    -|
|Memory               |        -|     -|        -|        -|    -|
|Multiplexer          |        -|     -|        -|       90|    -|
|Register             |        -|     -|     4361|      128|    -|
+---------------------+---------+------+---------+---------+-----+
|Total                |        0|     0|     4361|     1348|    0|
+---------------------+---------+------+---------+---------+-----+
|Available SLR        |     1344|  3008|   869120|   434560|  320|
+---------------------+---------+------+---------+---------+-----+
|Utilization SLR (%)  |        0|     0|       ~0|       ~0|    0|
+---------------------+---------+------+---------+---------+-----+
|Available            |     4032|  9024|  2607360|  1303680|  960|
+---------------------+---------+------+---------+---------+-----+
|Utilization (%)      |        0|     0|       ~0|       ~0|    0|
+---------------------+---------+------+---------+---------+-----+

+ Detail: 
    * Instance: 
    N/A

    * DSP: 
    N/A

    * Memory: 
    N/A

    * FIFO: 
    N/A

    * Expression: 
    +------------------------------+----------+----+---+-----+------------+------------+
    |         Variable Name        | Operation| DSP| FF| LUT | Bitwidth P0| Bitwidth P1|
    +------------------------------+----------+----+---+-----+------------+------------+
    |add_ln24_fu_3155_p2           |         +|   0|  0|   15|           8|           1|
    |empty_195_fu_3119_p2          |         +|   0|  0|   71|          64|          64|
    |empty_196_fu_3207_p2          |         +|   0|  0|   12|           5|           5|
    |empty_fu_3094_p2              |         +|   0|  0|   15|           8|           1|
    |next_mul_fu_3135_p2           |         +|   0|  0|   23|          16|           9|
    |ap_block_pp0_stage0_01001     |       and|   0|  0|    2|           1|           1|
    |ap_ext_blocking_cur_n         |       and|   0|  0|    2|           1|           1|
    |ap_ext_blocking_n             |       and|   0|  0|    2|           1|           2|
    |ap_int_blocking_n             |       and|   0|  0|    2|           2|           2|
    |ap_str_blocking_n             |       and|   0|  0|    2|           2|           2|
    |exitcond1992107_i_fu_3088_p2  |      icmp|   0|  0|   11|           8|           6|
    |icmp_ln24_fu_3161_p2          |      icmp|   0|  0|   11|           8|           4|
    |empty_197_fu_3224_p2          |      lshr|   0|  0|  950|         256|         256|
    |ap_block_pp0_stage0_11001     |        or|   0|  0|    2|           1|           1|
    |select_ln24_fu_3167_p3        |    select|   0|  0|    8|           1|           8|
    |ap_enable_pp0                 |       xor|   0|  0|    2|           1|           2|
    +------------------------------+----------+----+---+-----+------------+------------+
    |Total                         |          |   0|  0| 1130|         383|         365|
    +------------------------------+----------+----+---+-----+------------+------------+

    * Multiplexer: 
    +------------------------------------+----+-----------+-----+-----------+
    |                Name                | LUT| Input Size| Bits| Total Bits|
    +------------------------------------+----+-----------+-----+-----------+
    |ap_done_int                         |   9|          2|    1|          2|
    |ap_enable_reg_pp0_iter1             |   9|          2|    1|          2|
    |ap_sig_allocacmp_loop_index_i_load  |   9|          2|    8|         16|
    |ap_sig_allocacmp_phi_mul_load       |   9|          2|   16|         32|
    |ap_sig_allocacmp_phi_urem_load      |   9|          2|    8|         16|
    |gmem1_blk_n_AR                      |   9|          2|    1|          2|
    |gmem1_blk_n_R                       |   9|          2|    1|          2|
    |loop_index_i_fu_564                 |   9|          2|    8|         16|
    |phi_mul_fu_560                      |   9|          2|   16|         32|
    |phi_urem_fu_556                     |   9|          2|    8|         16|
    +------------------------------------+----+-----------+-----+-----------+
    |Total                               |  90|         20|   68|        136|
    +------------------------------------+----+-----------+-----+-----------+

    * Register: 
    +-----------------------------------+-----+----+-----+-----------+
    |                Name               |  FF | LUT| Bits| Const Bits|
    +-----------------------------------+-----+----+-----+-----------+
    |ap_CS_fsm                          |    1|   0|    1|          0|
    |ap_done_reg                        |    1|   0|    1|          0|
    |ap_enable_reg_pp0_iter1            |    1|   0|    1|          0|
    |ap_enable_reg_pp0_iter10           |    1|   0|    1|          0|
    |ap_enable_reg_pp0_iter11           |    1|   0|    1|          0|
    |ap_enable_reg_pp0_iter12           |    1|   0|    1|          0|
    |ap_enable_reg_pp0_iter13           |    1|   0|    1|          0|
    |ap_enable_reg_pp0_iter14           |    1|   0|    1|          0|
    |ap_enable_reg_pp0_iter15           |    1|   0|    1|          0|
    |ap_enable_reg_pp0_iter16           |    1|   0|    1|          0|
    |ap_enable_reg_pp0_iter17           |    1|   0|    1|          0|
    |ap_enable_reg_pp0_iter18           |    1|   0|    1|          0|
    |ap_enable_reg_pp0_iter19           |    1|   0|    1|          0|
    |ap_enable_reg_pp0_iter2            |    1|   0|    1|          0|
    |ap_enable_reg_pp0_iter20           |    1|   0|    1|          0|
    |ap_enable_reg_pp0_iter21           |    1|   0|    1|          0|
    |ap_enable_reg_pp0_iter22           |    1|   0|    1|          0|
    |ap_enable_reg_pp0_iter23           |    1|   0|    1|          0|
    |ap_enable_reg_pp0_iter24           |    1|   0|    1|          0|
    |ap_enable_reg_pp0_iter25           |    1|   0|    1|          0|
    |ap_enable_reg_pp0_iter26           |    1|   0|    1|          0|
    |ap_enable_reg_pp0_iter27           |    1|   0|    1|          0|
    |ap_enable_reg_pp0_iter28           |    1|   0|    1|          0|
    |ap_enable_reg_pp0_iter29           |    1|   0|    1|          0|
    |ap_enable_reg_pp0_iter3            |    1|   0|    1|          0|
    |ap_enable_reg_pp0_iter30           |    1|   0|    1|          0|
    |ap_enable_reg_pp0_iter31           |    1|   0|    1|          0|
    |ap_enable_reg_pp0_iter32           |    1|   0|    1|          0|
    |ap_enable_reg_pp0_iter33           |    1|   0|    1|          0|
    |ap_enable_reg_pp0_iter34           |    1|   0|    1|          0|
    |ap_enable_reg_pp0_iter35           |    1|   0|    1|          0|
    |ap_enable_reg_pp0_iter36           |    1|   0|    1|          0|
    |ap_enable_reg_pp0_iter37           |    1|   0|    1|          0|
    |ap_enable_reg_pp0_iter38           |    1|   0|    1|          0|
    |ap_enable_reg_pp0_iter39           |    1|   0|    1|          0|
    |ap_enable_reg_pp0_iter4            |    1|   0|    1|          0|
    |ap_enable_reg_pp0_iter40           |    1|   0|    1|          0|
    |ap_enable_reg_pp0_iter41           |    1|   0|    1|          0|
    |ap_enable_reg_pp0_iter42           |    1|   0|    1|          0|
    |ap_enable_reg_pp0_iter43           |    1|   0|    1|          0|
    |ap_enable_reg_pp0_iter44           |    1|   0|    1|          0|
    |ap_enable_reg_pp0_iter45           |    1|   0|    1|          0|
    |ap_enable_reg_pp0_iter46           |    1|   0|    1|          0|
    |ap_enable_reg_pp0_iter47           |    1|   0|    1|          0|
    |ap_enable_reg_pp0_iter48           |    1|   0|    1|          0|
    |ap_enable_reg_pp0_iter49           |    1|   0|    1|          0|
    |ap_enable_reg_pp0_iter5            |    1|   0|    1|          0|
    |ap_enable_reg_pp0_iter50           |    1|   0|    1|          0|
    |ap_enable_reg_pp0_iter51           |    1|   0|    1|          0|
    |ap_enable_reg_pp0_iter52           |    1|   0|    1|          0|
    |ap_enable_reg_pp0_iter53           |    1|   0|    1|          0|
    |ap_enable_reg_pp0_iter54           |    1|   0|    1|          0|
    |ap_enable_reg_pp0_iter55           |    1|   0|    1|          0|
    |ap_enable_reg_pp0_iter56           |    1|   0|    1|          0|
    |ap_enable_reg_pp0_iter57           |    1|   0|    1|          0|
    |ap_enable_reg_pp0_iter58           |    1|   0|    1|          0|
    |ap_enable_reg_pp0_iter59           |    1|   0|    1|          0|
    |ap_enable_reg_pp0_iter6            |    1|   0|    1|          0|
    |ap_enable_reg_pp0_iter60           |    1|   0|    1|          0|
    |ap_enable_reg_pp0_iter61           |    1|   0|    1|          0|
    |ap_enable_reg_pp0_iter62           |    1|   0|    1|          0|
    |ap_enable_reg_pp0_iter63           |    1|   0|    1|          0|
    |ap_enable_reg_pp0_iter64           |    1|   0|    1|          0|
    |ap_enable_reg_pp0_iter65           |    1|   0|    1|          0|
    |ap_enable_reg_pp0_iter66           |    1|   0|    1|          0|
    |ap_enable_reg_pp0_iter67           |    1|   0|    1|          0|
    |ap_enable_reg_pp0_iter68           |    1|   0|    1|          0|
    |ap_enable_reg_pp0_iter69           |    1|   0|    1|          0|
    |ap_enable_reg_pp0_iter7            |    1|   0|    1|          0|
    |ap_enable_reg_pp0_iter70           |    1|   0|    1|          0|
    |ap_enable_reg_pp0_iter71           |    1|   0|    1|          0|
    |ap_enable_reg_pp0_iter72           |    1|   0|    1|          0|
    |ap_enable_reg_pp0_iter8            |    1|   0|    1|          0|
    |ap_enable_reg_pp0_iter9            |    1|   0|    1|          0|
    |ap_loop_exit_ready_pp0_iter10_reg  |    1|   0|    1|          0|
    |ap_loop_exit_ready_pp0_iter11_reg  |    1|   0|    1|          0|
    |ap_loop_exit_ready_pp0_iter12_reg  |    1|   0|    1|          0|
    |ap_loop_exit_ready_pp0_iter13_reg  |    1|   0|    1|          0|
    |ap_loop_exit_ready_pp0_iter14_reg  |    1|   0|    1|          0|
    |ap_loop_exit_ready_pp0_iter15_reg  |    1|   0|    1|          0|
    |ap_loop_exit_ready_pp0_iter16_reg  |    1|   0|    1|          0|
    |ap_loop_exit_ready_pp0_iter17_reg  |    1|   0|    1|          0|
    |ap_loop_exit_ready_pp0_iter18_reg  |    1|   0|    1|          0|
    |ap_loop_exit_ready_pp0_iter19_reg  |    1|   0|    1|          0|
    |ap_loop_exit_ready_pp0_iter1_reg   |    1|   0|    1|          0|
    |ap_loop_exit_ready_pp0_iter20_reg  |    1|   0|    1|          0|
    |ap_loop_exit_ready_pp0_iter21_reg  |    1|   0|    1|          0|
    |ap_loop_exit_ready_pp0_iter22_reg  |    1|   0|    1|          0|
    |ap_loop_exit_ready_pp0_iter23_reg  |    1|   0|    1|          0|
    |ap_loop_exit_ready_pp0_iter24_reg  |    1|   0|    1|          0|
    |ap_loop_exit_ready_pp0_iter25_reg  |    1|   0|    1|          0|
    |ap_loop_exit_ready_pp0_iter26_reg  |    1|   0|    1|          0|
    |ap_loop_exit_ready_pp0_iter27_reg  |    1|   0|    1|          0|
    |ap_loop_exit_ready_pp0_iter28_reg  |    1|   0|    1|          0|
    |ap_loop_exit_ready_pp0_iter29_reg  |    1|   0|    1|          0|
    |ap_loop_exit_ready_pp0_iter2_reg   |    1|   0|    1|          0|
    |ap_loop_exit_ready_pp0_iter30_reg  |    1|   0|    1|          0|
    |ap_loop_exit_ready_pp0_iter31_reg  |    1|   0|    1|          0|
    |ap_loop_exit_ready_pp0_iter32_reg  |    1|   0|    1|          0|
    |ap_loop_exit_ready_pp0_iter33_reg  |    1|   0|    1|          0|
    |ap_loop_exit_ready_pp0_iter34_reg  |    1|   0|    1|          0|
    |ap_loop_exit_ready_pp0_iter35_reg  |    1|   0|    1|          0|
    |ap_loop_exit_ready_pp0_iter36_reg  |    1|   0|    1|          0|
    |ap_loop_exit_ready_pp0_iter37_reg  |    1|   0|    1|          0|
    |ap_loop_exit_ready_pp0_iter38_reg  |    1|   0|    1|          0|
    |ap_loop_exit_ready_pp0_iter39_reg  |    1|   0|    1|          0|
    |ap_loop_exit_ready_pp0_iter3_reg   |    1|   0|    1|          0|
    |ap_loop_exit_ready_pp0_iter40_reg  |    1|   0|    1|          0|
    |ap_loop_exit_ready_pp0_iter41_reg  |    1|   0|    1|          0|
    |ap_loop_exit_ready_pp0_iter42_reg  |    1|   0|    1|          0|
    |ap_loop_exit_ready_pp0_iter43_reg  |    1|   0|    1|          0|
    |ap_loop_exit_ready_pp0_iter44_reg  |    1|   0|    1|          0|
    |ap_loop_exit_ready_pp0_iter45_reg  |    1|   0|    1|          0|
    |ap_loop_exit_ready_pp0_iter46_reg  |    1|   0|    1|          0|
    |ap_loop_exit_ready_pp0_iter47_reg  |    1|   0|    1|          0|
    |ap_loop_exit_ready_pp0_iter48_reg  |    1|   0|    1|          0|
    |ap_loop_exit_ready_pp0_iter49_reg  |    1|   0|    1|          0|
    |ap_loop_exit_ready_pp0_iter4_reg   |    1|   0|    1|          0|
    |ap_loop_exit_ready_pp0_iter50_reg  |    1|   0|    1|          0|
    |ap_loop_exit_ready_pp0_iter51_reg  |    1|   0|    1|          0|
    |ap_loop_exit_ready_pp0_iter52_reg  |    1|   0|    1|          0|
    |ap_loop_exit_ready_pp0_iter53_reg  |    1|   0|    1|          0|
    |ap_loop_exit_ready_pp0_iter54_reg  |    1|   0|    1|          0|
    |ap_loop_exit_ready_pp0_iter55_reg  |    1|   0|    1|          0|
    |ap_loop_exit_ready_pp0_iter56_reg  |    1|   0|    1|          0|
    |ap_loop_exit_ready_pp0_iter57_reg  |    1|   0|    1|          0|
    |ap_loop_exit_ready_pp0_iter58_reg  |    1|   0|    1|          0|
    |ap_loop_exit_ready_pp0_iter59_reg  |    1|   0|    1|          0|
    |ap_loop_exit_ready_pp0_iter5_reg   |    1|   0|    1|          0|
    |ap_loop_exit_ready_pp0_iter60_reg  |    1|   0|    1|          0|
    |ap_loop_exit_ready_pp0_iter61_reg  |    1|   0|    1|          0|
    |ap_loop_exit_ready_pp0_iter62_reg  |    1|   0|    1|          0|
    |ap_loop_exit_ready_pp0_iter63_reg  |    1|   0|    1|          0|
    |ap_loop_exit_ready_pp0_iter64_reg  |    1|   0|    1|          0|
    |ap_loop_exit_ready_pp0_iter65_reg  |    1|   0|    1|          0|
    |ap_loop_exit_ready_pp0_iter66_reg  |    1|   0|    1|          0|
    |ap_loop_exit_ready_pp0_iter67_reg  |    1|   0|    1|          0|
    |ap_loop_exit_ready_pp0_iter68_reg  |    1|   0|    1|          0|
    |ap_loop_exit_ready_pp0_iter69_reg  |    1|   0|    1|          0|
    |ap_loop_exit_ready_pp0_iter6_reg   |    1|   0|    1|          0|
    |ap_loop_exit_ready_pp0_iter70_reg  |    1|   0|    1|          0|
    |ap_loop_exit_ready_pp0_iter71_reg  |    1|   0|    1|          0|
    |ap_loop_exit_ready_pp0_iter7_reg   |    1|   0|    1|          0|
    |ap_loop_exit_ready_pp0_iter8_reg   |    1|   0|    1|          0|
    |ap_loop_exit_ready_pp0_iter9_reg   |    1|   0|    1|          0|
    |coeffs_100_fu_964                  |   16|   0|   16|          0|
    |coeffs_101_fu_968                  |   16|   0|   16|          0|
    |coeffs_102_fu_972                  |   16|   0|   16|          0|
    |coeffs_103_fu_976                  |   16|   0|   16|          0|
    |coeffs_104_fu_980                  |   16|   0|   16|          0|
    |coeffs_105_fu_984                  |   16|   0|   16|          0|
    |coeffs_106_fu_988                  |   16|   0|   16|          0|
    |coeffs_107_fu_992                  |   16|   0|   16|          0|
    |coeffs_108_fu_996                  |   16|   0|   16|          0|
    |coeffs_109_fu_1000                 |   16|   0|   16|          0|
    |coeffs_10_fu_604                   |   16|   0|   16|          0|
    |coeffs_110_fu_1004                 |   16|   0|   16|          0|
    |coeffs_111_fu_1008                 |   16|   0|   16|          0|
    |coeffs_112_fu_1012                 |   16|   0|   16|          0|
    |coeffs_113_fu_1016                 |   16|   0|   16|          0|
    |coeffs_114_fu_1020                 |   16|   0|   16|          0|
    |coeffs_115_fu_1024                 |   16|   0|   16|          0|
    |coeffs_116_fu_1028                 |   16|   0|   16|          0|
    |coeffs_117_fu_1032                 |   16|   0|   16|          0|
    |coeffs_118_fu_1036                 |   16|   0|   16|          0|
    |coeffs_119_fu_1040                 |   16|   0|   16|          0|
    |coeffs_11_fu_608                   |   16|   0|   16|          0|
    |coeffs_120_fu_1044                 |   16|   0|   16|          0|
    |coeffs_121_fu_1048                 |   16|   0|   16|          0|
    |coeffs_122_fu_1052                 |   16|   0|   16|          0|
    |coeffs_123_fu_1056                 |   16|   0|   16|          0|
    |coeffs_124_fu_1060                 |   16|   0|   16|          0|
    |coeffs_125_fu_1064                 |   16|   0|   16|          0|
    |coeffs_126_fu_1068                 |   16|   0|   16|          0|
    |coeffs_127_fu_1072                 |   16|   0|   16|          0|
    |coeffs_128_fu_1076                 |   16|   0|   16|          0|
    |coeffs_129_fu_1080                 |   16|   0|   16|          0|
    |coeffs_12_fu_612                   |   16|   0|   16|          0|
    |coeffs_130_fu_1084                 |   16|   0|   16|          0|
    |coeffs_131_fu_1088                 |   16|   0|   16|          0|
    |coeffs_132_fu_1092                 |   16|   0|   16|          0|
    |coeffs_133_fu_1096                 |   16|   0|   16|          0|
    |coeffs_134_fu_1100                 |   16|   0|   16|          0|
    |coeffs_135_fu_1104                 |   16|   0|   16|          0|
    |coeffs_136_fu_1108                 |   16|   0|   16|          0|
    |coeffs_137_fu_1112                 |   16|   0|   16|          0|
    |coeffs_138_fu_1116                 |   16|   0|   16|          0|
    |coeffs_139_fu_1120                 |   16|   0|   16|          0|
    |coeffs_13_fu_616                   |   16|   0|   16|          0|
    |coeffs_140_fu_1124                 |   16|   0|   16|          0|
    |coeffs_141_fu_1128                 |   16|   0|   16|          0|
    |coeffs_142_fu_1132                 |   16|   0|   16|          0|
    |coeffs_143_fu_1136                 |   16|   0|   16|          0|
    |coeffs_144_fu_1140                 |   16|   0|   16|          0|
    |coeffs_145_fu_1144                 |   16|   0|   16|          0|
    |coeffs_146_fu_1148                 |   16|   0|   16|          0|
    |coeffs_147_fu_1152                 |   16|   0|   16|          0|
    |coeffs_148_fu_1156                 |   16|   0|   16|          0|
    |coeffs_149_fu_1160                 |   16|   0|   16|          0|
    |coeffs_14_fu_620                   |   16|   0|   16|          0|
    |coeffs_150_fu_1164                 |   16|   0|   16|          0|
    |coeffs_151_fu_1168                 |   16|   0|   16|          0|
    |coeffs_152_fu_1172                 |   16|   0|   16|          0|
    |coeffs_153_fu_1176                 |   16|   0|   16|          0|
    |coeffs_154_fu_1180                 |   16|   0|   16|          0|
    |coeffs_155_fu_1184                 |   16|   0|   16|          0|
    |coeffs_156_fu_1188                 |   16|   0|   16|          0|
    |coeffs_157_fu_1192                 |   16|   0|   16|          0|
    |coeffs_158_fu_1196                 |   16|   0|   16|          0|
    |coeffs_159_fu_1200                 |   16|   0|   16|          0|
    |coeffs_15_fu_624                   |   16|   0|   16|          0|
    |coeffs_160_fu_1204                 |   16|   0|   16|          0|
    |coeffs_161_fu_1208                 |   16|   0|   16|          0|
    |coeffs_162_fu_1212                 |   16|   0|   16|          0|
    |coeffs_163_fu_1216                 |   16|   0|   16|          0|
    |coeffs_164_fu_1220                 |   16|   0|   16|          0|
    |coeffs_165_fu_1224                 |   16|   0|   16|          0|
    |coeffs_166_fu_1228                 |   16|   0|   16|          0|
    |coeffs_167_fu_1232                 |   16|   0|   16|          0|
    |coeffs_168_fu_1236                 |   16|   0|   16|          0|
    |coeffs_169_fu_1240                 |   16|   0|   16|          0|
    |coeffs_16_fu_628                   |   16|   0|   16|          0|
    |coeffs_170_fu_1244                 |   16|   0|   16|          0|
    |coeffs_171_fu_1248                 |   16|   0|   16|          0|
    |coeffs_172_fu_1252                 |   16|   0|   16|          0|
    |coeffs_173_fu_1256                 |   16|   0|   16|          0|
    |coeffs_174_fu_1260                 |   16|   0|   16|          0|
    |coeffs_175_fu_1264                 |   16|   0|   16|          0|
    |coeffs_176_fu_1268                 |   16|   0|   16|          0|
    |coeffs_177_fu_1272                 |   16|   0|   16|          0|
    |coeffs_178_fu_1276                 |   16|   0|   16|          0|
    |coeffs_179_fu_1280                 |   16|   0|   16|          0|
    |coeffs_17_fu_632                   |   16|   0|   16|          0|
    |coeffs_180_fu_1284                 |   16|   0|   16|          0|
    |coeffs_181_fu_1288                 |   16|   0|   16|          0|
    |coeffs_182_fu_1292                 |   16|   0|   16|          0|
    |coeffs_183_fu_1296                 |   16|   0|   16|          0|
    |coeffs_184_fu_1300                 |   16|   0|   16|          0|
    |coeffs_185_fu_1304                 |   16|   0|   16|          0|
    |coeffs_186_fu_1308                 |   16|   0|   16|          0|
    |coeffs_187_fu_1312                 |   16|   0|   16|          0|
    |coeffs_188_fu_1316                 |   16|   0|   16|          0|
    |coeffs_189_fu_1320                 |   16|   0|   16|          0|
    |coeffs_18_fu_636                   |   16|   0|   16|          0|
    |coeffs_190_fu_1324                 |   16|   0|   16|          0|
    |coeffs_191_fu_1328                 |   16|   0|   16|          0|
    |coeffs_192_fu_1332                 |   16|   0|   16|          0|
    |coeffs_193_fu_1336                 |   16|   0|   16|          0|
    |coeffs_194_fu_1340                 |   16|   0|   16|          0|
    |coeffs_195_fu_1344                 |   16|   0|   16|          0|
    |coeffs_196_fu_1348                 |   16|   0|   16|          0|
    |coeffs_197_fu_1352                 |   16|   0|   16|          0|
    |coeffs_198_fu_1356                 |   16|   0|   16|          0|
    |coeffs_199_fu_1360                 |   16|   0|   16|          0|
    |coeffs_19_fu_640                   |   16|   0|   16|          0|
    |coeffs_1_fu_568                    |   16|   0|   16|          0|
    |coeffs_200_fu_1364                 |   16|   0|   16|          0|
    |coeffs_201_fu_1368                 |   16|   0|   16|          0|
    |coeffs_202_fu_1372                 |   16|   0|   16|          0|
    |coeffs_203_fu_1376                 |   16|   0|   16|          0|
    |coeffs_204_fu_1380                 |   16|   0|   16|          0|
    |coeffs_205_fu_1384                 |   16|   0|   16|          0|
    |coeffs_206_fu_1388                 |   16|   0|   16|          0|
    |coeffs_207_fu_1392                 |   16|   0|   16|          0|
    |coeffs_208_fu_1396                 |   16|   0|   16|          0|
    |coeffs_209_fu_1400                 |   16|   0|   16|          0|
    |coeffs_20_fu_644                   |   16|   0|   16|          0|
    |coeffs_210_fu_1404                 |   16|   0|   16|          0|
    |coeffs_211_fu_1408                 |   16|   0|   16|          0|
    |coeffs_212_fu_1412                 |   16|   0|   16|          0|
    |coeffs_213_fu_1416                 |   16|   0|   16|          0|
    |coeffs_214_fu_1420                 |   16|   0|   16|          0|
    |coeffs_215_fu_1424                 |   16|   0|   16|          0|
    |coeffs_216_fu_1428                 |   16|   0|   16|          0|
    |coeffs_217_fu_1432                 |   16|   0|   16|          0|
    |coeffs_218_fu_1436                 |   16|   0|   16|          0|
    |coeffs_219_fu_1440                 |   16|   0|   16|          0|
    |coeffs_21_fu_648                   |   16|   0|   16|          0|
    |coeffs_220_fu_1444                 |   16|   0|   16|          0|
    |coeffs_221_fu_1448                 |   16|   0|   16|          0|
    |coeffs_222_fu_1452                 |   16|   0|   16|          0|
    |coeffs_223_fu_1456                 |   16|   0|   16|          0|
    |coeffs_224_fu_1460                 |   16|   0|   16|          0|
    |coeffs_225_fu_1464                 |   16|   0|   16|          0|
    |coeffs_22_fu_652                   |   16|   0|   16|          0|
    |coeffs_23_fu_656                   |   16|   0|   16|          0|
    |coeffs_24_fu_660                   |   16|   0|   16|          0|
    |coeffs_25_fu_664                   |   16|   0|   16|          0|
    |coeffs_26_fu_668                   |   16|   0|   16|          0|
    |coeffs_27_fu_672                   |   16|   0|   16|          0|
    |coeffs_28_fu_676                   |   16|   0|   16|          0|
    |coeffs_29_fu_680                   |   16|   0|   16|          0|
    |coeffs_2_fu_572                    |   16|   0|   16|          0|
    |coeffs_30_fu_684                   |   16|   0|   16|          0|
    |coeffs_31_fu_688                   |   16|   0|   16|          0|
    |coeffs_32_fu_692                   |   16|   0|   16|          0|
    |coeffs_33_fu_696                   |   16|   0|   16|          0|
    |coeffs_34_fu_700                   |   16|   0|   16|          0|
    |coeffs_35_fu_704                   |   16|   0|   16|          0|
    |coeffs_36_fu_708                   |   16|   0|   16|          0|
    |coeffs_37_fu_712                   |   16|   0|   16|          0|
    |coeffs_38_fu_716                   |   16|   0|   16|          0|
    |coeffs_39_fu_720                   |   16|   0|   16|          0|
    |coeffs_3_fu_576                    |   16|   0|   16|          0|
    |coeffs_40_fu_724                   |   16|   0|   16|          0|
    |coeffs_41_fu_728                   |   16|   0|   16|          0|
    |coeffs_42_fu_732                   |   16|   0|   16|          0|
    |coeffs_43_fu_736                   |   16|   0|   16|          0|
    |coeffs_44_fu_740                   |   16|   0|   16|          0|
    |coeffs_45_fu_744                   |   16|   0|   16|          0|
    |coeffs_46_fu_748                   |   16|   0|   16|          0|
    |coeffs_47_fu_752                   |   16|   0|   16|          0|
    |coeffs_48_fu_756                   |   16|   0|   16|          0|
    |coeffs_49_fu_760                   |   16|   0|   16|          0|
    |coeffs_4_fu_580                    |   16|   0|   16|          0|
    |coeffs_50_fu_764                   |   16|   0|   16|          0|
    |coeffs_51_fu_768                   |   16|   0|   16|          0|
    |coeffs_52_fu_772                   |   16|   0|   16|          0|
    |coeffs_53_fu_776                   |   16|   0|   16|          0|
    |coeffs_54_fu_780                   |   16|   0|   16|          0|
    |coeffs_55_fu_784                   |   16|   0|   16|          0|
    |coeffs_56_fu_788                   |   16|   0|   16|          0|
    |coeffs_57_fu_792                   |   16|   0|   16|          0|
    |coeffs_58_fu_796                   |   16|   0|   16|          0|
    |coeffs_59_fu_800                   |   16|   0|   16|          0|
    |coeffs_5_fu_584                    |   16|   0|   16|          0|
    |coeffs_60_fu_804                   |   16|   0|   16|          0|
    |coeffs_61_fu_808                   |   16|   0|   16|          0|
    |coeffs_62_fu_812                   |   16|   0|   16|          0|
    |coeffs_63_fu_816                   |   16|   0|   16|          0|
    |coeffs_64_fu_820                   |   16|   0|   16|          0|
    |coeffs_65_fu_824                   |   16|   0|   16|          0|
    |coeffs_66_fu_828                   |   16|   0|   16|          0|
    |coeffs_67_fu_832                   |   16|   0|   16|          0|
    |coeffs_68_fu_836                   |   16|   0|   16|          0|
    |coeffs_69_fu_840                   |   16|   0|   16|          0|
    |coeffs_6_fu_588                    |   16|   0|   16|          0|
    |coeffs_70_fu_844                   |   16|   0|   16|          0|
    |coeffs_71_fu_848                   |   16|   0|   16|          0|
    |coeffs_72_fu_852                   |   16|   0|   16|          0|
    |coeffs_73_fu_856                   |   16|   0|   16|          0|
    |coeffs_74_fu_860                   |   16|   0|   16|          0|
    |coeffs_75_fu_864                   |   16|   0|   16|          0|
    |coeffs_76_fu_868                   |   16|   0|   16|          0|
    |coeffs_77_fu_872                   |   16|   0|   16|          0|
    |coeffs_78_fu_876                   |   16|   0|   16|          0|
    |coeffs_79_fu_880                   |   16|   0|   16|          0|
    |coeffs_7_fu_592                    |   16|   0|   16|          0|
    |coeffs_80_fu_884                   |   16|   0|   16|          0|
    |coeffs_81_fu_888                   |   16|   0|   16|          0|
    |coeffs_82_fu_892                   |   16|   0|   16|          0|
    |coeffs_83_fu_896                   |   16|   0|   16|          0|
    |coeffs_84_fu_900                   |   16|   0|   16|          0|
    |coeffs_85_fu_904                   |   16|   0|   16|          0|
    |coeffs_86_fu_908                   |   16|   0|   16|          0|
    |coeffs_87_fu_912                   |   16|   0|   16|          0|
    |coeffs_88_fu_916                   |   16|   0|   16|          0|
    |coeffs_89_fu_920                   |   16|   0|   16|          0|
    |coeffs_8_fu_596                    |   16|   0|   16|          0|
    |coeffs_90_fu_924                   |   16|   0|   16|          0|
    |coeffs_91_fu_928                   |   16|   0|   16|          0|
    |coeffs_92_fu_932                   |   16|   0|   16|          0|
    |coeffs_93_fu_936                   |   16|   0|   16|          0|
    |coeffs_94_fu_940                   |   16|   0|   16|          0|
    |coeffs_95_fu_944                   |   16|   0|   16|          0|
    |coeffs_96_fu_948                   |   16|   0|   16|          0|
    |coeffs_97_fu_952                   |   16|   0|   16|          0|
    |coeffs_98_fu_956                   |   16|   0|   16|          0|
    |coeffs_99_fu_960                   |   16|   0|   16|          0|
    |coeffs_9_fu_600                    |   16|   0|   16|          0|
    |empty_194_reg_6638                 |    4|   0|    4|          0|
    |empty_198_reg_6652                 |    4|   0|    4|          0|
    |exitcond1992107_i_reg_6634         |    1|   0|    1|          0|
    |gmem1_addr_read_reg_6662           |  256|   0|  256|          0|
    |loop_index_i_fu_564                |    8|   0|    8|          0|
    |p_cast12061_i_reg_6643             |   59|   0|   59|          0|
    |p_cast12064_i_reg_6648             |    4|   0|    4|          0|
    |phi_mul_fu_560                     |   16|   0|   16|          0|
    |phi_urem_fu_556                    |    8|   0|    8|          0|
    |empty_194_reg_6638                 |   64|  32|    4|          0|
    |empty_198_reg_6652                 |   64|  32|    4|          0|
    |exitcond1992107_i_reg_6634         |   64|  32|    1|          0|
    |p_cast12064_i_reg_6648             |   64|  32|    4|          0|
    +-----------------------------------+-----+----+-----+-----------+
    |Total                              | 4361| 128| 4118|          0|
    +-----------------------------------+-----+----+-----+-----------+



================================================================
== Interface
================================================================
* Summary: 
+-----------------------+-----+-----+------------+---------------------+--------------+
|       RTL Ports       | Dir | Bits|  Protocol  |    Source Object    |    C Type    |
+-----------------------+-----+-----+------------+---------------------+--------------+
|ap_clk                 |   in|    1|  ap_ctrl_hs|  Filter2D_Pipeline_1|  return value|
|ap_rst                 |   in|    1|  ap_ctrl_hs|  Filter2D_Pipeline_1|  return value|
|ap_start               |   in|    1|  ap_ctrl_hs|  Filter2D_Pipeline_1|  return value|
|ap_done                |  out|    1|  ap_ctrl_hs|  Filter2D_Pipeline_1|  return value|
|ap_idle                |  out|    1|  ap_ctrl_hs|  Filter2D_Pipeline_1|  return value|
|ap_ready               |  out|    1|  ap_ctrl_hs|  Filter2D_Pipeline_1|  return value|
|ap_ext_blocking_n      |  out|    1|  ap_ctrl_hs|  Filter2D_Pipeline_1|  return value|
|ap_str_blocking_n      |  out|    1|  ap_ctrl_hs|  Filter2D_Pipeline_1|  return value|
|ap_int_blocking_n      |  out|    1|  ap_ctrl_hs|  Filter2D_Pipeline_1|  return value|
|m_axi_gmem1_AWVALID    |  out|    1|       m_axi|                gmem1|       pointer|
|m_axi_gmem1_AWREADY    |   in|    1|       m_axi|                gmem1|       pointer|
|m_axi_gmem1_AWADDR     |  out|   64|       m_axi|                gmem1|       pointer|
|m_axi_gmem1_AWID       |  out|    1|       m_axi|                gmem1|       pointer|
|m_axi_gmem1_AWLEN      |  out|   32|       m_axi|                gmem1|       pointer|
|m_axi_gmem1_AWSIZE     |  out|    3|       m_axi|                gmem1|       pointer|
|m_axi_gmem1_AWBURST    |  out|    2|       m_axi|                gmem1|       pointer|
|m_axi_gmem1_AWLOCK     |  out|    2|       m_axi|                gmem1|       pointer|
|m_axi_gmem1_AWCACHE    |  out|    4|       m_axi|                gmem1|       pointer|
|m_axi_gmem1_AWPROT     |  out|    3|       m_axi|                gmem1|       pointer|
|m_axi_gmem1_AWQOS      |  out|    4|       m_axi|                gmem1|       pointer|
|m_axi_gmem1_AWREGION   |  out|    4|       m_axi|                gmem1|       pointer|
|m_axi_gmem1_AWUSER     |  out|    1|       m_axi|                gmem1|       pointer|
|m_axi_gmem1_WVALID     |  out|    1|       m_axi|                gmem1|       pointer|
|m_axi_gmem1_WREADY     |   in|    1|       m_axi|                gmem1|       pointer|
|m_axi_gmem1_WDATA      |  out|  256|       m_axi|                gmem1|       pointer|
|m_axi_gmem1_WSTRB      |  out|   32|       m_axi|                gmem1|       pointer|
|m_axi_gmem1_WLAST      |  out|    1|       m_axi|                gmem1|       pointer|
|m_axi_gmem1_WID        |  out|    1|       m_axi|                gmem1|       pointer|
|m_axi_gmem1_WUSER      |  out|    1|       m_axi|                gmem1|       pointer|
|m_axi_gmem1_ARVALID    |  out|    1|       m_axi|                gmem1|       pointer|
|m_axi_gmem1_ARREADY    |   in|    1|       m_axi|                gmem1|       pointer|
|m_axi_gmem1_ARADDR     |  out|   64|       m_axi|                gmem1|       pointer|
|m_axi_gmem1_ARID       |  out|    1|       m_axi|                gmem1|       pointer|
|m_axi_gmem1_ARLEN      |  out|   32|       m_axi|                gmem1|       pointer|
|m_axi_gmem1_ARSIZE     |  out|    3|       m_axi|                gmem1|       pointer|
|m_axi_gmem1_ARBURST    |  out|    2|       m_axi|                gmem1|       pointer|
|m_axi_gmem1_ARLOCK     |  out|    2|       m_axi|                gmem1|       pointer|
|m_axi_gmem1_ARCACHE    |  out|    4|       m_axi|                gmem1|       pointer|
|m_axi_gmem1_ARPROT     |  out|    3|       m_axi|                gmem1|       pointer|
|m_axi_gmem1_ARQOS      |  out|    4|       m_axi|                gmem1|       pointer|
|m_axi_gmem1_ARREGION   |  out|    4|       m_axi|                gmem1|       pointer|
|m_axi_gmem1_ARUSER     |  out|    1|       m_axi|                gmem1|       pointer|
|m_axi_gmem1_RVALID     |   in|    1|       m_axi|                gmem1|       pointer|
|m_axi_gmem1_RREADY     |  out|    1|       m_axi|                gmem1|       pointer|
|m_axi_gmem1_RDATA      |   in|  256|       m_axi|                gmem1|       pointer|
|m_axi_gmem1_RLAST      |   in|    1|       m_axi|                gmem1|       pointer|
|m_axi_gmem1_RID        |   in|    1|       m_axi|                gmem1|       pointer|
|m_axi_gmem1_RFIFONUM   |   in|    9|       m_axi|                gmem1|       pointer|
|m_axi_gmem1_RUSER      |   in|    1|       m_axi|                gmem1|       pointer|
|m_axi_gmem1_RRESP      |   in|    2|       m_axi|                gmem1|       pointer|
|m_axi_gmem1_BVALID     |   in|    1|       m_axi|                gmem1|       pointer|
|m_axi_gmem1_BREADY     |  out|    1|       m_axi|                gmem1|       pointer|
|m_axi_gmem1_BRESP      |   in|    2|       m_axi|                gmem1|       pointer|
|m_axi_gmem1_BID        |   in|    1|       m_axi|                gmem1|       pointer|
|m_axi_gmem1_BUSER      |   in|    1|       m_axi|                gmem1|       pointer|
|coeffs                 |   in|   64|     ap_none|               coeffs|        scalar|
|srcCoeffs_cast_i       |   in|    5|     ap_none|     srcCoeffs_cast_i|        scalar|
|coeffs_225_out         |  out|   16|      ap_vld|       coeffs_225_out|       pointer|
|coeffs_225_out_ap_vld  |  out|    1|      ap_vld|       coeffs_225_out|       pointer|
|coeffs_224_out         |  out|   16|      ap_vld|       coeffs_224_out|       pointer|
|coeffs_224_out_ap_vld  |  out|    1|      ap_vld|       coeffs_224_out|       pointer|
|coeffs_223_out         |  out|   16|      ap_vld|       coeffs_223_out|       pointer|
|coeffs_223_out_ap_vld  |  out|    1|      ap_vld|       coeffs_223_out|       pointer|
|coeffs_222_out         |  out|   16|      ap_vld|       coeffs_222_out|       pointer|
|coeffs_222_out_ap_vld  |  out|    1|      ap_vld|       coeffs_222_out|       pointer|
|coeffs_221_out         |  out|   16|      ap_vld|       coeffs_221_out|       pointer|
|coeffs_221_out_ap_vld  |  out|    1|      ap_vld|       coeffs_221_out|       pointer|
|coeffs_220_out         |  out|   16|      ap_vld|       coeffs_220_out|       pointer|
|coeffs_220_out_ap_vld  |  out|    1|      ap_vld|       coeffs_220_out|       pointer|
|coeffs_219_out         |  out|   16|      ap_vld|       coeffs_219_out|       pointer|
|coeffs_219_out_ap_vld  |  out|    1|      ap_vld|       coeffs_219_out|       pointer|
|coeffs_218_out         |  out|   16|      ap_vld|       coeffs_218_out|       pointer|
|coeffs_218_out_ap_vld  |  out|    1|      ap_vld|       coeffs_218_out|       pointer|
|coeffs_217_out         |  out|   16|      ap_vld|       coeffs_217_out|       pointer|
|coeffs_217_out_ap_vld  |  out|    1|      ap_vld|       coeffs_217_out|       pointer|
|coeffs_216_out         |  out|   16|      ap_vld|       coeffs_216_out|       pointer|
|coeffs_216_out_ap_vld  |  out|    1|      ap_vld|       coeffs_216_out|       pointer|
|coeffs_215_out         |  out|   16|      ap_vld|       coeffs_215_out|       pointer|
|coeffs_215_out_ap_vld  |  out|    1|      ap_vld|       coeffs_215_out|       pointer|
|coeffs_214_out         |  out|   16|      ap_vld|       coeffs_214_out|       pointer|
|coeffs_214_out_ap_vld  |  out|    1|      ap_vld|       coeffs_214_out|       pointer|
|coeffs_213_out         |  out|   16|      ap_vld|       coeffs_213_out|       pointer|
|coeffs_213_out_ap_vld  |  out|    1|      ap_vld|       coeffs_213_out|       pointer|
|coeffs_212_out         |  out|   16|      ap_vld|       coeffs_212_out|       pointer|
|coeffs_212_out_ap_vld  |  out|    1|      ap_vld|       coeffs_212_out|       pointer|
|coeffs_211_out         |  out|   16|      ap_vld|       coeffs_211_out|       pointer|
|coeffs_211_out_ap_vld  |  out|    1|      ap_vld|       coeffs_211_out|       pointer|
|coeffs_210_out         |  out|   16|      ap_vld|       coeffs_210_out|       pointer|
|coeffs_210_out_ap_vld  |  out|    1|      ap_vld|       coeffs_210_out|       pointer|
|coeffs_209_out         |  out|   16|      ap_vld|       coeffs_209_out|       pointer|
|coeffs_209_out_ap_vld  |  out|    1|      ap_vld|       coeffs_209_out|       pointer|
|coeffs_208_out         |  out|   16|      ap_vld|       coeffs_208_out|       pointer|
|coeffs_208_out_ap_vld  |  out|    1|      ap_vld|       coeffs_208_out|       pointer|
|coeffs_207_out         |  out|   16|      ap_vld|       coeffs_207_out|       pointer|
|coeffs_207_out_ap_vld  |  out|    1|      ap_vld|       coeffs_207_out|       pointer|
|coeffs_206_out         |  out|   16|      ap_vld|       coeffs_206_out|       pointer|
|coeffs_206_out_ap_vld  |  out|    1|      ap_vld|       coeffs_206_out|       pointer|
|coeffs_205_out         |  out|   16|      ap_vld|       coeffs_205_out|       pointer|
|coeffs_205_out_ap_vld  |  out|    1|      ap_vld|       coeffs_205_out|       pointer|
|coeffs_204_out         |  out|   16|      ap_vld|       coeffs_204_out|       pointer|
|coeffs_204_out_ap_vld  |  out|    1|      ap_vld|       coeffs_204_out|       pointer|
|coeffs_203_out         |  out|   16|      ap_vld|       coeffs_203_out|       pointer|
|coeffs_203_out_ap_vld  |  out|    1|      ap_vld|       coeffs_203_out|       pointer|
|coeffs_202_out         |  out|   16|      ap_vld|       coeffs_202_out|       pointer|
|coeffs_202_out_ap_vld  |  out|    1|      ap_vld|       coeffs_202_out|       pointer|
|coeffs_201_out         |  out|   16|      ap_vld|       coeffs_201_out|       pointer|
|coeffs_201_out_ap_vld  |  out|    1|      ap_vld|       coeffs_201_out|       pointer|
|coeffs_200_out         |  out|   16|      ap_vld|       coeffs_200_out|       pointer|
|coeffs_200_out_ap_vld  |  out|    1|      ap_vld|       coeffs_200_out|       pointer|
|coeffs_199_out         |  out|   16|      ap_vld|       coeffs_199_out|       pointer|
|coeffs_199_out_ap_vld  |  out|    1|      ap_vld|       coeffs_199_out|       pointer|
|coeffs_198_out         |  out|   16|      ap_vld|       coeffs_198_out|       pointer|
|coeffs_198_out_ap_vld  |  out|    1|      ap_vld|       coeffs_198_out|       pointer|
|coeffs_197_out         |  out|   16|      ap_vld|       coeffs_197_out|       pointer|
|coeffs_197_out_ap_vld  |  out|    1|      ap_vld|       coeffs_197_out|       pointer|
|coeffs_196_out         |  out|   16|      ap_vld|       coeffs_196_out|       pointer|
|coeffs_196_out_ap_vld  |  out|    1|      ap_vld|       coeffs_196_out|       pointer|
|coeffs_195_out         |  out|   16|      ap_vld|       coeffs_195_out|       pointer|
|coeffs_195_out_ap_vld  |  out|    1|      ap_vld|       coeffs_195_out|       pointer|
|coeffs_194_out         |  out|   16|      ap_vld|       coeffs_194_out|       pointer|
|coeffs_194_out_ap_vld  |  out|    1|      ap_vld|       coeffs_194_out|       pointer|
|coeffs_193_out         |  out|   16|      ap_vld|       coeffs_193_out|       pointer|
|coeffs_193_out_ap_vld  |  out|    1|      ap_vld|       coeffs_193_out|       pointer|
|coeffs_192_out         |  out|   16|      ap_vld|       coeffs_192_out|       pointer|
|coeffs_192_out_ap_vld  |  out|    1|      ap_vld|       coeffs_192_out|       pointer|
|coeffs_191_out         |  out|   16|      ap_vld|       coeffs_191_out|       pointer|
|coeffs_191_out_ap_vld  |  out|    1|      ap_vld|       coeffs_191_out|       pointer|
|coeffs_190_out         |  out|   16|      ap_vld|       coeffs_190_out|       pointer|
|coeffs_190_out_ap_vld  |  out|    1|      ap_vld|       coeffs_190_out|       pointer|
|coeffs_189_out         |  out|   16|      ap_vld|       coeffs_189_out|       pointer|
|coeffs_189_out_ap_vld  |  out|    1|      ap_vld|       coeffs_189_out|       pointer|
|coeffs_188_out         |  out|   16|      ap_vld|       coeffs_188_out|       pointer|
|coeffs_188_out_ap_vld  |  out|    1|      ap_vld|       coeffs_188_out|       pointer|
|coeffs_187_out         |  out|   16|      ap_vld|       coeffs_187_out|       pointer|
|coeffs_187_out_ap_vld  |  out|    1|      ap_vld|       coeffs_187_out|       pointer|
|coeffs_186_out         |  out|   16|      ap_vld|       coeffs_186_out|       pointer|
|coeffs_186_out_ap_vld  |  out|    1|      ap_vld|       coeffs_186_out|       pointer|
|coeffs_185_out         |  out|   16|      ap_vld|       coeffs_185_out|       pointer|
|coeffs_185_out_ap_vld  |  out|    1|      ap_vld|       coeffs_185_out|       pointer|
|coeffs_184_out         |  out|   16|      ap_vld|       coeffs_184_out|       pointer|
|coeffs_184_out_ap_vld  |  out|    1|      ap_vld|       coeffs_184_out|       pointer|
|coeffs_183_out         |  out|   16|      ap_vld|       coeffs_183_out|       pointer|
|coeffs_183_out_ap_vld  |  out|    1|      ap_vld|       coeffs_183_out|       pointer|
|coeffs_182_out         |  out|   16|      ap_vld|       coeffs_182_out|       pointer|
|coeffs_182_out_ap_vld  |  out|    1|      ap_vld|       coeffs_182_out|       pointer|
|coeffs_181_out         |  out|   16|      ap_vld|       coeffs_181_out|       pointer|
|coeffs_181_out_ap_vld  |  out|    1|      ap_vld|       coeffs_181_out|       pointer|
|coeffs_180_out         |  out|   16|      ap_vld|       coeffs_180_out|       pointer|
|coeffs_180_out_ap_vld  |  out|    1|      ap_vld|       coeffs_180_out|       pointer|
|coeffs_179_out         |  out|   16|      ap_vld|       coeffs_179_out|       pointer|
|coeffs_179_out_ap_vld  |  out|    1|      ap_vld|       coeffs_179_out|       pointer|
|coeffs_178_out         |  out|   16|      ap_vld|       coeffs_178_out|       pointer|
|coeffs_178_out_ap_vld  |  out|    1|      ap_vld|       coeffs_178_out|       pointer|
|coeffs_177_out         |  out|   16|      ap_vld|       coeffs_177_out|       pointer|
|coeffs_177_out_ap_vld  |  out|    1|      ap_vld|       coeffs_177_out|       pointer|
|coeffs_176_out         |  out|   16|      ap_vld|       coeffs_176_out|       pointer|
|coeffs_176_out_ap_vld  |  out|    1|      ap_vld|       coeffs_176_out|       pointer|
|coeffs_175_out         |  out|   16|      ap_vld|       coeffs_175_out|       pointer|
|coeffs_175_out_ap_vld  |  out|    1|      ap_vld|       coeffs_175_out|       pointer|
|coeffs_174_out         |  out|   16|      ap_vld|       coeffs_174_out|       pointer|
|coeffs_174_out_ap_vld  |  out|    1|      ap_vld|       coeffs_174_out|       pointer|
|coeffs_173_out         |  out|   16|      ap_vld|       coeffs_173_out|       pointer|
|coeffs_173_out_ap_vld  |  out|    1|      ap_vld|       coeffs_173_out|       pointer|
|coeffs_172_out         |  out|   16|      ap_vld|       coeffs_172_out|       pointer|
|coeffs_172_out_ap_vld  |  out|    1|      ap_vld|       coeffs_172_out|       pointer|
|coeffs_171_out         |  out|   16|      ap_vld|       coeffs_171_out|       pointer|
|coeffs_171_out_ap_vld  |  out|    1|      ap_vld|       coeffs_171_out|       pointer|
|coeffs_170_out         |  out|   16|      ap_vld|       coeffs_170_out|       pointer|
|coeffs_170_out_ap_vld  |  out|    1|      ap_vld|       coeffs_170_out|       pointer|
|coeffs_169_out         |  out|   16|      ap_vld|       coeffs_169_out|       pointer|
|coeffs_169_out_ap_vld  |  out|    1|      ap_vld|       coeffs_169_out|       pointer|
|coeffs_168_out         |  out|   16|      ap_vld|       coeffs_168_out|       pointer|
|coeffs_168_out_ap_vld  |  out|    1|      ap_vld|       coeffs_168_out|       pointer|
|coeffs_167_out         |  out|   16|      ap_vld|       coeffs_167_out|       pointer|
|coeffs_167_out_ap_vld  |  out|    1|      ap_vld|       coeffs_167_out|       pointer|
|coeffs_166_out         |  out|   16|      ap_vld|       coeffs_166_out|       pointer|
|coeffs_166_out_ap_vld  |  out|    1|      ap_vld|       coeffs_166_out|       pointer|
|coeffs_165_out         |  out|   16|      ap_vld|       coeffs_165_out|       pointer|
|coeffs_165_out_ap_vld  |  out|    1|      ap_vld|       coeffs_165_out|       pointer|
|coeffs_164_out         |  out|   16|      ap_vld|       coeffs_164_out|       pointer|
|coeffs_164_out_ap_vld  |  out|    1|      ap_vld|       coeffs_164_out|       pointer|
|coeffs_163_out         |  out|   16|      ap_vld|       coeffs_163_out|       pointer|
|coeffs_163_out_ap_vld  |  out|    1|      ap_vld|       coeffs_163_out|       pointer|
|coeffs_162_out         |  out|   16|      ap_vld|       coeffs_162_out|       pointer|
|coeffs_162_out_ap_vld  |  out|    1|      ap_vld|       coeffs_162_out|       pointer|
|coeffs_161_out         |  out|   16|      ap_vld|       coeffs_161_out|       pointer|
|coeffs_161_out_ap_vld  |  out|    1|      ap_vld|       coeffs_161_out|       pointer|
|coeffs_160_out         |  out|   16|      ap_vld|       coeffs_160_out|       pointer|
|coeffs_160_out_ap_vld  |  out|    1|      ap_vld|       coeffs_160_out|       pointer|
|coeffs_159_out         |  out|   16|      ap_vld|       coeffs_159_out|       pointer|
|coeffs_159_out_ap_vld  |  out|    1|      ap_vld|       coeffs_159_out|       pointer|
|coeffs_158_out         |  out|   16|      ap_vld|       coeffs_158_out|       pointer|
|coeffs_158_out_ap_vld  |  out|    1|      ap_vld|       coeffs_158_out|       pointer|
|coeffs_157_out         |  out|   16|      ap_vld|       coeffs_157_out|       pointer|
|coeffs_157_out_ap_vld  |  out|    1|      ap_vld|       coeffs_157_out|       pointer|
|coeffs_156_out         |  out|   16|      ap_vld|       coeffs_156_out|       pointer|
|coeffs_156_out_ap_vld  |  out|    1|      ap_vld|       coeffs_156_out|       pointer|
|coeffs_155_out         |  out|   16|      ap_vld|       coeffs_155_out|       pointer|
|coeffs_155_out_ap_vld  |  out|    1|      ap_vld|       coeffs_155_out|       pointer|
|coeffs_154_out         |  out|   16|      ap_vld|       coeffs_154_out|       pointer|
|coeffs_154_out_ap_vld  |  out|    1|      ap_vld|       coeffs_154_out|       pointer|
|coeffs_153_out         |  out|   16|      ap_vld|       coeffs_153_out|       pointer|
|coeffs_153_out_ap_vld  |  out|    1|      ap_vld|       coeffs_153_out|       pointer|
|coeffs_152_out         |  out|   16|      ap_vld|       coeffs_152_out|       pointer|
|coeffs_152_out_ap_vld  |  out|    1|      ap_vld|       coeffs_152_out|       pointer|
|coeffs_151_out         |  out|   16|      ap_vld|       coeffs_151_out|       pointer|
|coeffs_151_out_ap_vld  |  out|    1|      ap_vld|       coeffs_151_out|       pointer|
|coeffs_150_out         |  out|   16|      ap_vld|       coeffs_150_out|       pointer|
|coeffs_150_out_ap_vld  |  out|    1|      ap_vld|       coeffs_150_out|       pointer|
|coeffs_149_out         |  out|   16|      ap_vld|       coeffs_149_out|       pointer|
|coeffs_149_out_ap_vld  |  out|    1|      ap_vld|       coeffs_149_out|       pointer|
|coeffs_148_out         |  out|   16|      ap_vld|       coeffs_148_out|       pointer|
|coeffs_148_out_ap_vld  |  out|    1|      ap_vld|       coeffs_148_out|       pointer|
|coeffs_147_out         |  out|   16|      ap_vld|       coeffs_147_out|       pointer|
|coeffs_147_out_ap_vld  |  out|    1|      ap_vld|       coeffs_147_out|       pointer|
|coeffs_146_out         |  out|   16|      ap_vld|       coeffs_146_out|       pointer|
|coeffs_146_out_ap_vld  |  out|    1|      ap_vld|       coeffs_146_out|       pointer|
|coeffs_145_out         |  out|   16|      ap_vld|       coeffs_145_out|       pointer|
|coeffs_145_out_ap_vld  |  out|    1|      ap_vld|       coeffs_145_out|       pointer|
|coeffs_144_out         |  out|   16|      ap_vld|       coeffs_144_out|       pointer|
|coeffs_144_out_ap_vld  |  out|    1|      ap_vld|       coeffs_144_out|       pointer|
|coeffs_143_out         |  out|   16|      ap_vld|       coeffs_143_out|       pointer|
|coeffs_143_out_ap_vld  |  out|    1|      ap_vld|       coeffs_143_out|       pointer|
|coeffs_142_out         |  out|   16|      ap_vld|       coeffs_142_out|       pointer|
|coeffs_142_out_ap_vld  |  out|    1|      ap_vld|       coeffs_142_out|       pointer|
|coeffs_141_out         |  out|   16|      ap_vld|       coeffs_141_out|       pointer|
|coeffs_141_out_ap_vld  |  out|    1|      ap_vld|       coeffs_141_out|       pointer|
|coeffs_140_out         |  out|   16|      ap_vld|       coeffs_140_out|       pointer|
|coeffs_140_out_ap_vld  |  out|    1|      ap_vld|       coeffs_140_out|       pointer|
|coeffs_139_out         |  out|   16|      ap_vld|       coeffs_139_out|       pointer|
|coeffs_139_out_ap_vld  |  out|    1|      ap_vld|       coeffs_139_out|       pointer|
|coeffs_138_out         |  out|   16|      ap_vld|       coeffs_138_out|       pointer|
|coeffs_138_out_ap_vld  |  out|    1|      ap_vld|       coeffs_138_out|       pointer|
|coeffs_137_out         |  out|   16|      ap_vld|       coeffs_137_out|       pointer|
|coeffs_137_out_ap_vld  |  out|    1|      ap_vld|       coeffs_137_out|       pointer|
|coeffs_136_out         |  out|   16|      ap_vld|       coeffs_136_out|       pointer|
|coeffs_136_out_ap_vld  |  out|    1|      ap_vld|       coeffs_136_out|       pointer|
|coeffs_135_out         |  out|   16|      ap_vld|       coeffs_135_out|       pointer|
|coeffs_135_out_ap_vld  |  out|    1|      ap_vld|       coeffs_135_out|       pointer|
|coeffs_134_out         |  out|   16|      ap_vld|       coeffs_134_out|       pointer|
|coeffs_134_out_ap_vld  |  out|    1|      ap_vld|       coeffs_134_out|       pointer|
|coeffs_133_out         |  out|   16|      ap_vld|       coeffs_133_out|       pointer|
|coeffs_133_out_ap_vld  |  out|    1|      ap_vld|       coeffs_133_out|       pointer|
|coeffs_132_out         |  out|   16|      ap_vld|       coeffs_132_out|       pointer|
|coeffs_132_out_ap_vld  |  out|    1|      ap_vld|       coeffs_132_out|       pointer|
|coeffs_131_out         |  out|   16|      ap_vld|       coeffs_131_out|       pointer|
|coeffs_131_out_ap_vld  |  out|    1|      ap_vld|       coeffs_131_out|       pointer|
|coeffs_130_out         |  out|   16|      ap_vld|       coeffs_130_out|       pointer|
|coeffs_130_out_ap_vld  |  out|    1|      ap_vld|       coeffs_130_out|       pointer|
|coeffs_129_out         |  out|   16|      ap_vld|       coeffs_129_out|       pointer|
|coeffs_129_out_ap_vld  |  out|    1|      ap_vld|       coeffs_129_out|       pointer|
|coeffs_128_out         |  out|   16|      ap_vld|       coeffs_128_out|       pointer|
|coeffs_128_out_ap_vld  |  out|    1|      ap_vld|       coeffs_128_out|       pointer|
|coeffs_127_out         |  out|   16|      ap_vld|       coeffs_127_out|       pointer|
|coeffs_127_out_ap_vld  |  out|    1|      ap_vld|       coeffs_127_out|       pointer|
|coeffs_126_out         |  out|   16|      ap_vld|       coeffs_126_out|       pointer|
|coeffs_126_out_ap_vld  |  out|    1|      ap_vld|       coeffs_126_out|       pointer|
|coeffs_125_out         |  out|   16|      ap_vld|       coeffs_125_out|       pointer|
|coeffs_125_out_ap_vld  |  out|    1|      ap_vld|       coeffs_125_out|       pointer|
|coeffs_124_out         |  out|   16|      ap_vld|       coeffs_124_out|       pointer|
|coeffs_124_out_ap_vld  |  out|    1|      ap_vld|       coeffs_124_out|       pointer|
|coeffs_123_out         |  out|   16|      ap_vld|       coeffs_123_out|       pointer|
|coeffs_123_out_ap_vld  |  out|    1|      ap_vld|       coeffs_123_out|       pointer|
|coeffs_122_out         |  out|   16|      ap_vld|       coeffs_122_out|       pointer|
|coeffs_122_out_ap_vld  |  out|    1|      ap_vld|       coeffs_122_out|       pointer|
|coeffs_121_out         |  out|   16|      ap_vld|       coeffs_121_out|       pointer|
|coeffs_121_out_ap_vld  |  out|    1|      ap_vld|       coeffs_121_out|       pointer|
|coeffs_120_out         |  out|   16|      ap_vld|       coeffs_120_out|       pointer|
|coeffs_120_out_ap_vld  |  out|    1|      ap_vld|       coeffs_120_out|       pointer|
|coeffs_119_out         |  out|   16|      ap_vld|       coeffs_119_out|       pointer|
|coeffs_119_out_ap_vld  |  out|    1|      ap_vld|       coeffs_119_out|       pointer|
|coeffs_118_out         |  out|   16|      ap_vld|       coeffs_118_out|       pointer|
|coeffs_118_out_ap_vld  |  out|    1|      ap_vld|       coeffs_118_out|       pointer|
|coeffs_117_out         |  out|   16|      ap_vld|       coeffs_117_out|       pointer|
|coeffs_117_out_ap_vld  |  out|    1|      ap_vld|       coeffs_117_out|       pointer|
|coeffs_116_out         |  out|   16|      ap_vld|       coeffs_116_out|       pointer|
|coeffs_116_out_ap_vld  |  out|    1|      ap_vld|       coeffs_116_out|       pointer|
|coeffs_115_out         |  out|   16|      ap_vld|       coeffs_115_out|       pointer|
|coeffs_115_out_ap_vld  |  out|    1|      ap_vld|       coeffs_115_out|       pointer|
|coeffs_114_out         |  out|   16|      ap_vld|       coeffs_114_out|       pointer|
|coeffs_114_out_ap_vld  |  out|    1|      ap_vld|       coeffs_114_out|       pointer|
|coeffs_113_out         |  out|   16|      ap_vld|       coeffs_113_out|       pointer|
|coeffs_113_out_ap_vld  |  out|    1|      ap_vld|       coeffs_113_out|       pointer|
|coeffs_112_out         |  out|   16|      ap_vld|       coeffs_112_out|       pointer|
|coeffs_112_out_ap_vld  |  out|    1|      ap_vld|       coeffs_112_out|       pointer|
|coeffs_111_out         |  out|   16|      ap_vld|       coeffs_111_out|       pointer|
|coeffs_111_out_ap_vld  |  out|    1|      ap_vld|       coeffs_111_out|       pointer|
|coeffs_110_out         |  out|   16|      ap_vld|       coeffs_110_out|       pointer|
|coeffs_110_out_ap_vld  |  out|    1|      ap_vld|       coeffs_110_out|       pointer|
|coeffs_109_out         |  out|   16|      ap_vld|       coeffs_109_out|       pointer|
|coeffs_109_out_ap_vld  |  out|    1|      ap_vld|       coeffs_109_out|       pointer|
|coeffs_108_out         |  out|   16|      ap_vld|       coeffs_108_out|       pointer|
|coeffs_108_out_ap_vld  |  out|    1|      ap_vld|       coeffs_108_out|       pointer|
|coeffs_107_out         |  out|   16|      ap_vld|       coeffs_107_out|       pointer|
|coeffs_107_out_ap_vld  |  out|    1|      ap_vld|       coeffs_107_out|       pointer|
|coeffs_106_out         |  out|   16|      ap_vld|       coeffs_106_out|       pointer|
|coeffs_106_out_ap_vld  |  out|    1|      ap_vld|       coeffs_106_out|       pointer|
|coeffs_105_out         |  out|   16|      ap_vld|       coeffs_105_out|       pointer|
|coeffs_105_out_ap_vld  |  out|    1|      ap_vld|       coeffs_105_out|       pointer|
|coeffs_104_out         |  out|   16|      ap_vld|       coeffs_104_out|       pointer|
|coeffs_104_out_ap_vld  |  out|    1|      ap_vld|       coeffs_104_out|       pointer|
|coeffs_103_out         |  out|   16|      ap_vld|       coeffs_103_out|       pointer|
|coeffs_103_out_ap_vld  |  out|    1|      ap_vld|       coeffs_103_out|       pointer|
|coeffs_102_out         |  out|   16|      ap_vld|       coeffs_102_out|       pointer|
|coeffs_102_out_ap_vld  |  out|    1|      ap_vld|       coeffs_102_out|       pointer|
|coeffs_101_out         |  out|   16|      ap_vld|       coeffs_101_out|       pointer|
|coeffs_101_out_ap_vld  |  out|    1|      ap_vld|       coeffs_101_out|       pointer|
|coeffs_100_out         |  out|   16|      ap_vld|       coeffs_100_out|       pointer|
|coeffs_100_out_ap_vld  |  out|    1|      ap_vld|       coeffs_100_out|       pointer|
|coeffs_99_out          |  out|   16|      ap_vld|        coeffs_99_out|       pointer|
|coeffs_99_out_ap_vld   |  out|    1|      ap_vld|        coeffs_99_out|       pointer|
|coeffs_98_out          |  out|   16|      ap_vld|        coeffs_98_out|       pointer|
|coeffs_98_out_ap_vld   |  out|    1|      ap_vld|        coeffs_98_out|       pointer|
|coeffs_97_out          |  out|   16|      ap_vld|        coeffs_97_out|       pointer|
|coeffs_97_out_ap_vld   |  out|    1|      ap_vld|        coeffs_97_out|       pointer|
|coeffs_96_out          |  out|   16|      ap_vld|        coeffs_96_out|       pointer|
|coeffs_96_out_ap_vld   |  out|    1|      ap_vld|        coeffs_96_out|       pointer|
|coeffs_95_out          |  out|   16|      ap_vld|        coeffs_95_out|       pointer|
|coeffs_95_out_ap_vld   |  out|    1|      ap_vld|        coeffs_95_out|       pointer|
|coeffs_94_out          |  out|   16|      ap_vld|        coeffs_94_out|       pointer|
|coeffs_94_out_ap_vld   |  out|    1|      ap_vld|        coeffs_94_out|       pointer|
|coeffs_93_out          |  out|   16|      ap_vld|        coeffs_93_out|       pointer|
|coeffs_93_out_ap_vld   |  out|    1|      ap_vld|        coeffs_93_out|       pointer|
|coeffs_92_out          |  out|   16|      ap_vld|        coeffs_92_out|       pointer|
|coeffs_92_out_ap_vld   |  out|    1|      ap_vld|        coeffs_92_out|       pointer|
|coeffs_91_out          |  out|   16|      ap_vld|        coeffs_91_out|       pointer|
|coeffs_91_out_ap_vld   |  out|    1|      ap_vld|        coeffs_91_out|       pointer|
|coeffs_90_out          |  out|   16|      ap_vld|        coeffs_90_out|       pointer|
|coeffs_90_out_ap_vld   |  out|    1|      ap_vld|        coeffs_90_out|       pointer|
|coeffs_89_out          |  out|   16|      ap_vld|        coeffs_89_out|       pointer|
|coeffs_89_out_ap_vld   |  out|    1|      ap_vld|        coeffs_89_out|       pointer|
|coeffs_88_out          |  out|   16|      ap_vld|        coeffs_88_out|       pointer|
|coeffs_88_out_ap_vld   |  out|    1|      ap_vld|        coeffs_88_out|       pointer|
|coeffs_87_out          |  out|   16|      ap_vld|        coeffs_87_out|       pointer|
|coeffs_87_out_ap_vld   |  out|    1|      ap_vld|        coeffs_87_out|       pointer|
|coeffs_86_out          |  out|   16|      ap_vld|        coeffs_86_out|       pointer|
|coeffs_86_out_ap_vld   |  out|    1|      ap_vld|        coeffs_86_out|       pointer|
|coeffs_85_out          |  out|   16|      ap_vld|        coeffs_85_out|       pointer|
|coeffs_85_out_ap_vld   |  out|    1|      ap_vld|        coeffs_85_out|       pointer|
|coeffs_84_out          |  out|   16|      ap_vld|        coeffs_84_out|       pointer|
|coeffs_84_out_ap_vld   |  out|    1|      ap_vld|        coeffs_84_out|       pointer|
|coeffs_83_out          |  out|   16|      ap_vld|        coeffs_83_out|       pointer|
|coeffs_83_out_ap_vld   |  out|    1|      ap_vld|        coeffs_83_out|       pointer|
|coeffs_82_out          |  out|   16|      ap_vld|        coeffs_82_out|       pointer|
|coeffs_82_out_ap_vld   |  out|    1|      ap_vld|        coeffs_82_out|       pointer|
|coeffs_81_out          |  out|   16|      ap_vld|        coeffs_81_out|       pointer|
|coeffs_81_out_ap_vld   |  out|    1|      ap_vld|        coeffs_81_out|       pointer|
|coeffs_80_out          |  out|   16|      ap_vld|        coeffs_80_out|       pointer|
|coeffs_80_out_ap_vld   |  out|    1|      ap_vld|        coeffs_80_out|       pointer|
|coeffs_79_out          |  out|   16|      ap_vld|        coeffs_79_out|       pointer|
|coeffs_79_out_ap_vld   |  out|    1|      ap_vld|        coeffs_79_out|       pointer|
|coeffs_78_out          |  out|   16|      ap_vld|        coeffs_78_out|       pointer|
|coeffs_78_out_ap_vld   |  out|    1|      ap_vld|        coeffs_78_out|       pointer|
|coeffs_77_out          |  out|   16|      ap_vld|        coeffs_77_out|       pointer|
|coeffs_77_out_ap_vld   |  out|    1|      ap_vld|        coeffs_77_out|       pointer|
|coeffs_76_out          |  out|   16|      ap_vld|        coeffs_76_out|       pointer|
|coeffs_76_out_ap_vld   |  out|    1|      ap_vld|        coeffs_76_out|       pointer|
|coeffs_75_out          |  out|   16|      ap_vld|        coeffs_75_out|       pointer|
|coeffs_75_out_ap_vld   |  out|    1|      ap_vld|        coeffs_75_out|       pointer|
|coeffs_74_out          |  out|   16|      ap_vld|        coeffs_74_out|       pointer|
|coeffs_74_out_ap_vld   |  out|    1|      ap_vld|        coeffs_74_out|       pointer|
|coeffs_73_out          |  out|   16|      ap_vld|        coeffs_73_out|       pointer|
|coeffs_73_out_ap_vld   |  out|    1|      ap_vld|        coeffs_73_out|       pointer|
|coeffs_72_out          |  out|   16|      ap_vld|        coeffs_72_out|       pointer|
|coeffs_72_out_ap_vld   |  out|    1|      ap_vld|        coeffs_72_out|       pointer|
|coeffs_71_out          |  out|   16|      ap_vld|        coeffs_71_out|       pointer|
|coeffs_71_out_ap_vld   |  out|    1|      ap_vld|        coeffs_71_out|       pointer|
|coeffs_70_out          |  out|   16|      ap_vld|        coeffs_70_out|       pointer|
|coeffs_70_out_ap_vld   |  out|    1|      ap_vld|        coeffs_70_out|       pointer|
|coeffs_69_out          |  out|   16|      ap_vld|        coeffs_69_out|       pointer|
|coeffs_69_out_ap_vld   |  out|    1|      ap_vld|        coeffs_69_out|       pointer|
|coeffs_68_out          |  out|   16|      ap_vld|        coeffs_68_out|       pointer|
|coeffs_68_out_ap_vld   |  out|    1|      ap_vld|        coeffs_68_out|       pointer|
|coeffs_67_out          |  out|   16|      ap_vld|        coeffs_67_out|       pointer|
|coeffs_67_out_ap_vld   |  out|    1|      ap_vld|        coeffs_67_out|       pointer|
|coeffs_66_out          |  out|   16|      ap_vld|        coeffs_66_out|       pointer|
|coeffs_66_out_ap_vld   |  out|    1|      ap_vld|        coeffs_66_out|       pointer|
|coeffs_65_out          |  out|   16|      ap_vld|        coeffs_65_out|       pointer|
|coeffs_65_out_ap_vld   |  out|    1|      ap_vld|        coeffs_65_out|       pointer|
|coeffs_64_out          |  out|   16|      ap_vld|        coeffs_64_out|       pointer|
|coeffs_64_out_ap_vld   |  out|    1|      ap_vld|        coeffs_64_out|       pointer|
|coeffs_63_out          |  out|   16|      ap_vld|        coeffs_63_out|       pointer|
|coeffs_63_out_ap_vld   |  out|    1|      ap_vld|        coeffs_63_out|       pointer|
|coeffs_62_out          |  out|   16|      ap_vld|        coeffs_62_out|       pointer|
|coeffs_62_out_ap_vld   |  out|    1|      ap_vld|        coeffs_62_out|       pointer|
|coeffs_61_out          |  out|   16|      ap_vld|        coeffs_61_out|       pointer|
|coeffs_61_out_ap_vld   |  out|    1|      ap_vld|        coeffs_61_out|       pointer|
|coeffs_60_out          |  out|   16|      ap_vld|        coeffs_60_out|       pointer|
|coeffs_60_out_ap_vld   |  out|    1|      ap_vld|        coeffs_60_out|       pointer|
|coeffs_59_out          |  out|   16|      ap_vld|        coeffs_59_out|       pointer|
|coeffs_59_out_ap_vld   |  out|    1|      ap_vld|        coeffs_59_out|       pointer|
|coeffs_58_out          |  out|   16|      ap_vld|        coeffs_58_out|       pointer|
|coeffs_58_out_ap_vld   |  out|    1|      ap_vld|        coeffs_58_out|       pointer|
|coeffs_57_out          |  out|   16|      ap_vld|        coeffs_57_out|       pointer|
|coeffs_57_out_ap_vld   |  out|    1|      ap_vld|        coeffs_57_out|       pointer|
|coeffs_56_out          |  out|   16|      ap_vld|        coeffs_56_out|       pointer|
|coeffs_56_out_ap_vld   |  out|    1|      ap_vld|        coeffs_56_out|       pointer|
|coeffs_55_out          |  out|   16|      ap_vld|        coeffs_55_out|       pointer|
|coeffs_55_out_ap_vld   |  out|    1|      ap_vld|        coeffs_55_out|       pointer|
|coeffs_54_out          |  out|   16|      ap_vld|        coeffs_54_out|       pointer|
|coeffs_54_out_ap_vld   |  out|    1|      ap_vld|        coeffs_54_out|       pointer|
|coeffs_53_out          |  out|   16|      ap_vld|        coeffs_53_out|       pointer|
|coeffs_53_out_ap_vld   |  out|    1|      ap_vld|        coeffs_53_out|       pointer|
|coeffs_52_out          |  out|   16|      ap_vld|        coeffs_52_out|       pointer|
|coeffs_52_out_ap_vld   |  out|    1|      ap_vld|        coeffs_52_out|       pointer|
|coeffs_51_out          |  out|   16|      ap_vld|        coeffs_51_out|       pointer|
|coeffs_51_out_ap_vld   |  out|    1|      ap_vld|        coeffs_51_out|       pointer|
|coeffs_50_out          |  out|   16|      ap_vld|        coeffs_50_out|       pointer|
|coeffs_50_out_ap_vld   |  out|    1|      ap_vld|        coeffs_50_out|       pointer|
|coeffs_49_out          |  out|   16|      ap_vld|        coeffs_49_out|       pointer|
|coeffs_49_out_ap_vld   |  out|    1|      ap_vld|        coeffs_49_out|       pointer|
|coeffs_48_out          |  out|   16|      ap_vld|        coeffs_48_out|       pointer|
|coeffs_48_out_ap_vld   |  out|    1|      ap_vld|        coeffs_48_out|       pointer|
|coeffs_47_out          |  out|   16|      ap_vld|        coeffs_47_out|       pointer|
|coeffs_47_out_ap_vld   |  out|    1|      ap_vld|        coeffs_47_out|       pointer|
|coeffs_46_out          |  out|   16|      ap_vld|        coeffs_46_out|       pointer|
|coeffs_46_out_ap_vld   |  out|    1|      ap_vld|        coeffs_46_out|       pointer|
|coeffs_45_out          |  out|   16|      ap_vld|        coeffs_45_out|       pointer|
|coeffs_45_out_ap_vld   |  out|    1|      ap_vld|        coeffs_45_out|       pointer|
|coeffs_44_out          |  out|   16|      ap_vld|        coeffs_44_out|       pointer|
|coeffs_44_out_ap_vld   |  out|    1|      ap_vld|        coeffs_44_out|       pointer|
|coeffs_43_out          |  out|   16|      ap_vld|        coeffs_43_out|       pointer|
|coeffs_43_out_ap_vld   |  out|    1|      ap_vld|        coeffs_43_out|       pointer|
|coeffs_42_out          |  out|   16|      ap_vld|        coeffs_42_out|       pointer|
|coeffs_42_out_ap_vld   |  out|    1|      ap_vld|        coeffs_42_out|       pointer|
|coeffs_41_out          |  out|   16|      ap_vld|        coeffs_41_out|       pointer|
|coeffs_41_out_ap_vld   |  out|    1|      ap_vld|        coeffs_41_out|       pointer|
|coeffs_40_out          |  out|   16|      ap_vld|        coeffs_40_out|       pointer|
|coeffs_40_out_ap_vld   |  out|    1|      ap_vld|        coeffs_40_out|       pointer|
|coeffs_39_out          |  out|   16|      ap_vld|        coeffs_39_out|       pointer|
|coeffs_39_out_ap_vld   |  out|    1|      ap_vld|        coeffs_39_out|       pointer|
|coeffs_38_out          |  out|   16|      ap_vld|        coeffs_38_out|       pointer|
|coeffs_38_out_ap_vld   |  out|    1|      ap_vld|        coeffs_38_out|       pointer|
|coeffs_37_out          |  out|   16|      ap_vld|        coeffs_37_out|       pointer|
|coeffs_37_out_ap_vld   |  out|    1|      ap_vld|        coeffs_37_out|       pointer|
|coeffs_36_out          |  out|   16|      ap_vld|        coeffs_36_out|       pointer|
|coeffs_36_out_ap_vld   |  out|    1|      ap_vld|        coeffs_36_out|       pointer|
|coeffs_35_out          |  out|   16|      ap_vld|        coeffs_35_out|       pointer|
|coeffs_35_out_ap_vld   |  out|    1|      ap_vld|        coeffs_35_out|       pointer|
|coeffs_34_out          |  out|   16|      ap_vld|        coeffs_34_out|       pointer|
|coeffs_34_out_ap_vld   |  out|    1|      ap_vld|        coeffs_34_out|       pointer|
|coeffs_33_out          |  out|   16|      ap_vld|        coeffs_33_out|       pointer|
|coeffs_33_out_ap_vld   |  out|    1|      ap_vld|        coeffs_33_out|       pointer|
|coeffs_32_out          |  out|   16|      ap_vld|        coeffs_32_out|       pointer|
|coeffs_32_out_ap_vld   |  out|    1|      ap_vld|        coeffs_32_out|       pointer|
|coeffs_31_out          |  out|   16|      ap_vld|        coeffs_31_out|       pointer|
|coeffs_31_out_ap_vld   |  out|    1|      ap_vld|        coeffs_31_out|       pointer|
|coeffs_30_out          |  out|   16|      ap_vld|        coeffs_30_out|       pointer|
|coeffs_30_out_ap_vld   |  out|    1|      ap_vld|        coeffs_30_out|       pointer|
|coeffs_29_out          |  out|   16|      ap_vld|        coeffs_29_out|       pointer|
|coeffs_29_out_ap_vld   |  out|    1|      ap_vld|        coeffs_29_out|       pointer|
|coeffs_28_out          |  out|   16|      ap_vld|        coeffs_28_out|       pointer|
|coeffs_28_out_ap_vld   |  out|    1|      ap_vld|        coeffs_28_out|       pointer|
|coeffs_27_out          |  out|   16|      ap_vld|        coeffs_27_out|       pointer|
|coeffs_27_out_ap_vld   |  out|    1|      ap_vld|        coeffs_27_out|       pointer|
|coeffs_26_out          |  out|   16|      ap_vld|        coeffs_26_out|       pointer|
|coeffs_26_out_ap_vld   |  out|    1|      ap_vld|        coeffs_26_out|       pointer|
|coeffs_25_out          |  out|   16|      ap_vld|        coeffs_25_out|       pointer|
|coeffs_25_out_ap_vld   |  out|    1|      ap_vld|        coeffs_25_out|       pointer|
|coeffs_24_out          |  out|   16|      ap_vld|        coeffs_24_out|       pointer|
|coeffs_24_out_ap_vld   |  out|    1|      ap_vld|        coeffs_24_out|       pointer|
|coeffs_23_out          |  out|   16|      ap_vld|        coeffs_23_out|       pointer|
|coeffs_23_out_ap_vld   |  out|    1|      ap_vld|        coeffs_23_out|       pointer|
|coeffs_22_out          |  out|   16|      ap_vld|        coeffs_22_out|       pointer|
|coeffs_22_out_ap_vld   |  out|    1|      ap_vld|        coeffs_22_out|       pointer|
|coeffs_21_out          |  out|   16|      ap_vld|        coeffs_21_out|       pointer|
|coeffs_21_out_ap_vld   |  out|    1|      ap_vld|        coeffs_21_out|       pointer|
|coeffs_20_out          |  out|   16|      ap_vld|        coeffs_20_out|       pointer|
|coeffs_20_out_ap_vld   |  out|    1|      ap_vld|        coeffs_20_out|       pointer|
|coeffs_19_out          |  out|   16|      ap_vld|        coeffs_19_out|       pointer|
|coeffs_19_out_ap_vld   |  out|    1|      ap_vld|        coeffs_19_out|       pointer|
|coeffs_18_out          |  out|   16|      ap_vld|        coeffs_18_out|       pointer|
|coeffs_18_out_ap_vld   |  out|    1|      ap_vld|        coeffs_18_out|       pointer|
|coeffs_17_out          |  out|   16|      ap_vld|        coeffs_17_out|       pointer|
|coeffs_17_out_ap_vld   |  out|    1|      ap_vld|        coeffs_17_out|       pointer|
|coeffs_16_out          |  out|   16|      ap_vld|        coeffs_16_out|       pointer|
|coeffs_16_out_ap_vld   |  out|    1|      ap_vld|        coeffs_16_out|       pointer|
|coeffs_15_out          |  out|   16|      ap_vld|        coeffs_15_out|       pointer|
|coeffs_15_out_ap_vld   |  out|    1|      ap_vld|        coeffs_15_out|       pointer|
|coeffs_14_out          |  out|   16|      ap_vld|        coeffs_14_out|       pointer|
|coeffs_14_out_ap_vld   |  out|    1|      ap_vld|        coeffs_14_out|       pointer|
|coeffs_13_out          |  out|   16|      ap_vld|        coeffs_13_out|       pointer|
|coeffs_13_out_ap_vld   |  out|    1|      ap_vld|        coeffs_13_out|       pointer|
|coeffs_12_out          |  out|   16|      ap_vld|        coeffs_12_out|       pointer|
|coeffs_12_out_ap_vld   |  out|    1|      ap_vld|        coeffs_12_out|       pointer|
|coeffs_11_out          |  out|   16|      ap_vld|        coeffs_11_out|       pointer|
|coeffs_11_out_ap_vld   |  out|    1|      ap_vld|        coeffs_11_out|       pointer|
|coeffs_10_out          |  out|   16|      ap_vld|        coeffs_10_out|       pointer|
|coeffs_10_out_ap_vld   |  out|    1|      ap_vld|        coeffs_10_out|       pointer|
|coeffs_9_out           |  out|   16|      ap_vld|         coeffs_9_out|       pointer|
|coeffs_9_out_ap_vld    |  out|    1|      ap_vld|         coeffs_9_out|       pointer|
|coeffs_8_out           |  out|   16|      ap_vld|         coeffs_8_out|       pointer|
|coeffs_8_out_ap_vld    |  out|    1|      ap_vld|         coeffs_8_out|       pointer|
|coeffs_7_out           |  out|   16|      ap_vld|         coeffs_7_out|       pointer|
|coeffs_7_out_ap_vld    |  out|    1|      ap_vld|         coeffs_7_out|       pointer|
|coeffs_6_out           |  out|   16|      ap_vld|         coeffs_6_out|       pointer|
|coeffs_6_out_ap_vld    |  out|    1|      ap_vld|         coeffs_6_out|       pointer|
|coeffs_5_out           |  out|   16|      ap_vld|         coeffs_5_out|       pointer|
|coeffs_5_out_ap_vld    |  out|    1|      ap_vld|         coeffs_5_out|       pointer|
|coeffs_4_out           |  out|   16|      ap_vld|         coeffs_4_out|       pointer|
|coeffs_4_out_ap_vld    |  out|    1|      ap_vld|         coeffs_4_out|       pointer|
|coeffs_3_out           |  out|   16|      ap_vld|         coeffs_3_out|       pointer|
|coeffs_3_out_ap_vld    |  out|    1|      ap_vld|         coeffs_3_out|       pointer|
|coeffs_2_out           |  out|   16|      ap_vld|         coeffs_2_out|       pointer|
|coeffs_2_out_ap_vld    |  out|    1|      ap_vld|         coeffs_2_out|       pointer|
|coeffs_1_out           |  out|   16|      ap_vld|         coeffs_1_out|       pointer|
|coeffs_1_out_ap_vld    |  out|    1|      ap_vld|         coeffs_1_out|       pointer|
+-----------------------+-----+-----+------------+---------------------+--------------+

